// Jest Snapshot v1, https://goo.gl/fbAQLP

exports[`sends an error to ray 1`] = `
Array [
  Object {
    "data": Object {
      "error": "test",
      "method": "GET",
      "params": Object {},
      "query": Object {},
      "url": "/",
    },
    "label": "Error",
  },
]
`;
